  power (0.25,) -> 5.142593e-03
  power (0.5,) -> 2.156788e-02
  power (1.0,) -> 1.102563e-02
  power (1.5,) -> 8.986242e-03
  power (2.0,) -> 1.174535e-02
== refine (power) from (0.25,) ==
  power (0.325,) -> 1.609810e-02
  power (0.175,) -> 1.858099e-02
  power (0.2875,) -> 1.093627e-02
  power (0.21250000000000002,) -> 9.422633e-03
  power (0.26875,) -> 1.112730e-02
  power (0.23125,) -> 1.642553e-02
  power (0.259375,) -> 4.990964e-03
  power (0.2546875,) -> 5.142593e-03
  power (0.26406250000000003,) -> 7.782100e-03
  power (0.25703125000000004,) -> 5.142593e-03
  power (0.26171875,) -> 8.235893e-03
  power (0.25820312500000003,) -> 5.142593e-03
  power (0.260546875,) -> 4.990964e-03
** power: params=(0.2605,) objective=4.990964e-03

=== summary (objective = sum_c |dEx|+|dErpa|, c in [8, 10] ) ===
sigmoid  params=(0.1107, 0.1634) objective=3.193370e-03
exp      params=(2.6188,) objective=3.537535e-03
power    params=(0.2605,) objective=4.990964e-03

[exited with code 0]
